[     987ms] [ERROR] Failed to load resource: the server responded with a status of 500 (Internal Server Error) @ http://localhost:3000/love:0
[    1111ms] [INFO] %cDownload the React DevTools for a better development experience: https://react.dev/link/react-devtools font-weight:bold @ http://localhost:3000/_next/static/chunks/node_modules_react-dom_0bruynb._.js:15305
[    1177ms] Error: ./src/app/love/love.css:1429:8
Parsing CSS source code failed
  1427 |   }
  1428 | }
> 1429 | @import url('https://fonts.googleapis.com/css2?family=Dancing+Script:wght@400;600;700&display=swap');
       |        ^
  1430 | html {
  1431 |   overflow: hidden;
  1432 |   position: relative;

@import rules must precede all rules aside from @charset and @layer statements

Generated code of PostCSS transform of file content of src/app/love/love.css:
./src/app/love/love.css:1429:8
  1427 |   }
  1428 | }
> 1429 | @import url('https://fonts.googleapis.com/css2?family=Dancing+Script:wght@400;600;700&display=swap');
       |        ^
  1430 | html {
  1431 |   overflow: hidden;
  1432 |   position: relative;

Import traces:
  #1 [Client Component Browser]:
    ./src/app/love/love.css [Client Component Browser]
    ./src/app/love/layout.tsx [Server Component]

  #2 [Client Component Browser]:
    ./src/app/love/love.css [Client Component Browser]
    ./src/app/love/page.tsx [Client Component Browser]
    ./src/app/love/page.tsx [Server Component]


    at <unknown> (Error: ./src/app/love/love.css:1429:8)
    at <unknown> (./src/app/love/love.css:1429:8)
    at Object.getCompilationErrors (file:///home/jamermx/goldrose/node_modules/next/dist/server/dev/hot-reloader-turbopack.js:1189:59)
    at DevBundlerService.getCompilationError (file:///home/jamermx/goldrose/node_modules/next/dist/server/lib/dev-bundler-service.js:44:55)
    at DevServer.getCompilationError (file:///home/jamermx/goldrose/node_modules/next/dist/server/dev/next-dev-server.js:719:42)
    at DevServer.findPageComponents (file:///home/jamermx/goldrose/node_modules/next/dist/server/dev/next-dev-server.js:689:43)
    at async DevServer.renderErrorToResponseImpl (file:///home/jamermx/goldrose/node_modules/next/dist/server/base-server.js:1745:26)
[    1178ms] [LOG] [HMR] connected @ http://localhost:3000/_next/static/chunks/node_modules_next_dist_0u_w_5s._.js:1226
[    1182ms] [ERROR] ./src/app/love/love.css:1429:8
Parsing CSS source code failed
  1427 |   }
  1428 | }
> 1429 | @import url('https://fonts.googleapis.com/css2?family=Dancing+Script:wght@400;600;700&display=swap');
       |        ^
  1430 | html {
  1431 |   overflow: hidden;
  1432 |   position: relative;

@import rules must precede all rules aside from @charset and @layer statements

Generated code of PostCSS transform of file content of src/app/love/love.css:
./src/app/love/love.css:1429:8
  1427 |   }
  1428 | }
> 1429 | @import url('https://fonts.googleapis.com/css2?family=Dancing+Script:wght@400;600;700&display=swap');
       |        ^
  1430 | html {
  1431 |   overflow: hidden;
  1432 |   position: relative;

Import traces:
  #1 [Client Component Browser]:
    ./src/app/love/love.css [Client Component Browser]
    ./src/app/love/layout.tsx [Server Component]

  #2 [Client Component Browser]:
    ./src/app/love/love.css [Client Component Browser]
    ./src/app/love/page.tsx [Client Component Browser]
    ./src/app/love/page.tsx [Server Component] @ http://localhost:3000/_next/static/chunks/node_modules_next_dist_0u_w_5s._.js:1945
[    1322ms] [LOG] [Fast Refresh] rebuilding @ http://localhost:3000/_next/static/chunks/node_modules_next_dist_0u_w_5s._.js:1226
[    1323ms] [ERROR] ./src/app/love/love.css:1429:8
Parsing CSS source code failed
  1427 |   }
  1428 | }
> 1429 | @import url('https://fonts.googleapis.com/css2?family=Dancing+Script:wght@400;600;700&display=swap');
       |        ^
  1430 | html {
  1431 |   overflow: hidden;
  1432 |   position: relative;

@import rules must precede all rules aside from @charset and @layer statements

Generated code of PostCSS transform of file content of src/app/love/love.css:
./src/app/love/love.css:1429:8
  1427 |   }
  1428 | }
> 1429 | @import url('https://fonts.googleapis.com/css2?family=Dancing+Script:wght@400;600;700&display=swap');
       |        ^
  1430 | html {
  1431 |   overflow: hidden;
  1432 |   position: relative;

Import traces:
  #1 [Client Component Browser]:
    ./src/app/love/love.css [Client Component Browser]
    ./src/app/love/layout.tsx [Server Component]

  #2 [Client Component Browser]:
    ./src/app/love/love.css [Client Component Browser]
    ./src/app/love/page.tsx [Client Component Browser]
    ./src/app/love/page.tsx [Server Component] @ http://localhost:3000/_next/static/chunks/node_modules_next_dist_0u_w_5s._.js:1945
[    1325ms] [ERROR] ./src/app/love/love.css:1429:8
Parsing CSS source code failed
  1427 |   }
  1428 | }
> 1429 | @import url('https://fonts.googleapis.com/css2?family=Dancing+Script:wght@400;600;700&display=swap');
       |        ^
  1430 | html {
  1431 |   overflow: hidden;
  1432 |   position: relative;

@import rules must precede all rules aside from @charset and @layer statements

Generated code of PostCSS transform of file content of src/app/love/love.css:
./src/app/love/love.css:1429:8
  1427 |   }
  1428 | }
> 1429 | @import url('https://fonts.googleapis.com/css2?family=Dancing+Script:wght@400;600;700&display=swap');
       |        ^
  1430 | html {
  1431 |   overflow: hidden;
  1432 |   position: relative;

Import traces:
  #1 [Client Component Browser]:
    ./src/app/love/love.css [Client Component Browser]
    ./src/app/love/layout.tsx [Server Component]

  #2 [Client Component Browser]:
    ./src/app/love/love.css [Client Component Browser]
    ./src/app/love/page.tsx [Client Component Browser]
    ./src/app/love/page.tsx [Server Component] @ http://localhost:3000/_next/static/chunks/node_modules_next_dist_0u_w_5s._.js:1945
[    1423ms] [LOG] [Fast Refresh] rebuilding @ http://localhost:3000/_next/static/chunks/node_modules_next_dist_0u_w_5s._.js:1226
[    9295ms] [ERROR] ./src/app/love/love.css:1429:8
Parsing CSS source code failed
  1427 |   }
  1428 | }
> 1429 | @import url('https://fonts.googleapis.com/css2?family=Dancing+Script:wght@400;600;700&display=swap');
       |        ^
  1430 | html {
  1431 |   overflow: hidden;
  1432 |   position: relative;

@import rules must precede all rules aside from @charset and @layer statements

Generated code of PostCSS transform of file content of src/app/love/love.css:
./src/app/love/love.css:1429:8
  1427 |   }
  1428 | }
> 1429 | @import url('https://fonts.googleapis.com/css2?family=Dancing+Script:wght@400;600;700&display=swap');
       |        ^
  1430 | html {
  1431 |   overflow: hidden;
  1432 |   position: relative;

Import traces:
  #1 [Client Component Browser]:
    ./src/app/love/love.css [Client Component Browser]
    ./src/app/love/layout.tsx [Server Component]

  #2 [Client Component Browser]:
    ./src/app/love/love.css [Client Component Browser]
    ./src/app/love/page.tsx [Client Component Browser]
    ./src/app/love/page.tsx [Server Component] @ http://localhost:3000/_next/static/chunks/node_modules_next_dist_0u_w_5s._.js:1945
[    9333ms] [LOG] [Fast Refresh] rebuilding @ http://localhost:3000/_next/static/chunks/node_modules_next_dist_0u_w_5s._.js:1226
[   19040ms] [ERROR] ./src/app/love/love.css:1429:8
Parsing CSS source code failed
  1427 |   }
  1428 | }
> 1429 | @import url('https://fonts.googleapis.com/css2?family=Dancing+Script:wght@400;600;700&display=swap');
       |        ^
  1430 | html {
  1431 |   overflow: hidden;
  1432 |   position: relative;

@import rules must precede all rules aside from @charset and @layer statements

Generated code of PostCSS transform of file content of src/app/love/love.css:
./src/app/love/love.css:1429:8
  1427 |   }
  1428 | }
> 1429 | @import url('https://fonts.googleapis.com/css2?family=Dancing+Script:wght@400;600;700&display=swap');
       |        ^
  1430 | html {
  1431 |   overflow: hidden;
  1432 |   position: relative;

Import traces:
  #1 [Client Component Browser]:
    ./src/app/love/love.css [Client Component Browser]
    ./src/app/love/layout.tsx [Server Component]

  #2 [Client Component Browser]:
    ./src/app/love/love.css [Client Component Browser]
    ./src/app/love/page.tsx [Client Component Browser]
    ./src/app/love/page.tsx [Server Component] @ http://localhost:3000/_next/static/chunks/node_modules_next_dist_0u_w_5s._.js:1945
[   19097ms] [LOG] [Fast Refresh] rebuilding @ http://localhost:3000/_next/static/chunks/node_modules_next_dist_0u_w_5s._.js:1226
[   27426ms] [ERROR] ./src/app/love/love.css:1429:8
Parsing CSS source code failed
  1427 |   }
  1428 | }
> 1429 | @import url('https://fonts.googleapis.com/css2?family=Dancing+Script:wght@400;600;700&display=swap');
       |        ^
  1430 | html {
  1431 |   overflow: hidden;
  1432 |   position: relative;

@import rules must precede all rules aside from @charset and @layer statements

Generated code of PostCSS transform of file content of src/app/love/love.css:
./src/app/love/love.css:1429:8
  1427 |   }
  1428 | }
> 1429 | @import url('https://fonts.googleapis.com/css2?family=Dancing+Script:wght@400;600;700&display=swap');
       |        ^
  1430 | html {
  1431 |   overflow: hidden;
  1432 |   position: relative;

Import traces:
  #1 [Client Component Browser]:
    ./src/app/love/love.css [Client Component Browser]
    ./src/app/love/layout.tsx [Server Component]

  #2 [Client Component Browser]:
    ./src/app/love/love.css [Client Component Browser]
    ./src/app/love/page.tsx [Client Component Browser]
    ./src/app/love/page.tsx [Server Component] @ http://localhost:3000/_next/static/chunks/node_modules_next_dist_0u_w_5s._.js:1945
[   27482ms] [LOG] [Fast Refresh] rebuilding @ http://localhost:3000/_next/static/chunks/node_modules_next_dist_0u_w_5s._.js:1226
[   37146ms] [ERROR] ./src/app/love/love.css:1429:8
Parsing CSS source code failed
  1427 |   }
  1428 | }
> 1429 | @import url('https://fonts.googleapis.com/css2?family=Dancing+Script:wght@400;600;700&display=swap');
       |        ^
  1430 | html {
  1431 |   overflow: hidden;
  1432 |   position: relative;

@import rules must precede all rules aside from @charset and @layer statements

Generated code of PostCSS transform of file content of src/app/love/love.css:
./src/app/love/love.css:1429:8
  1427 |   }
  1428 | }
> 1429 | @import url('https://fonts.googleapis.com/css2?family=Dancing+Script:wght@400;600;700&display=swap');
       |        ^
  1430 | html {
  1431 |   overflow: hidden;
  1432 |   position: relative;

Import traces:
  #1 [Client Component Browser]:
    ./src/app/love/love.css [Client Component Browser]
    ./src/app/love/layout.tsx [Server Component]

  #2 [Client Component Browser]:
    ./src/app/love/love.css [Client Component Browser]
    ./src/app/love/page.tsx [Client Component Browser]
    ./src/app/love/page.tsx [Server Component] @ http://localhost:3000/_next/static/chunks/node_modules_next_dist_0u_w_5s._.js:1945
[   37207ms] [LOG] [Fast Refresh] rebuilding @ http://localhost:3000/_next/static/chunks/node_modules_next_dist_0u_w_5s._.js:1226
[   64135ms] [LOG] [Fast Refresh] rebuilding @ http://localhost:3000/_next/static/chunks/node_modules_next_dist_0u_w_5s._.js:1226
[   64214ms] [WARNING] [Fast Refresh] performing full reload because your application had an unrecoverable error @ http://localhost:3000/_next/static/chunks/node_modules_next_dist_0u_w_5s._.js:1226
[   64270ms] [LOG] [Fast Refresh] done in 179ms @ http://localhost:3000/_next/static/chunks/node_modules_next_dist_0u_w_5s._.js:1226
[   64510ms] [INFO] %cDownload the React DevTools for a better development experience: https://react.dev/link/react-devtools font-weight:bold @ http://localhost:3000/_next/static/chunks/node_modules_next_dist_115brz8._.js:2431
[   64537ms] [LOG] [HMR] connected @ http://localhost:3000/_next/static/chunks/node_modules_next_dist_115brz8._.js:2431
[   64605ms] Error: Hydration failed because the server rendered text didn't match the client. As a result this tree will be regenerated on the client. This can happen if a SSR-ed Client Component used:

- A server/client branch `if (typeof window !== 'undefined')`.
- Variable input such as `Date.now()` or `Math.random()` which changes each time it's called.
- Date formatting in a user's locale which doesn't match the server.
- External changing data without sending a snapshot of it along with the HTML.
- Invalid HTML tag nesting.

It can also happen if the client has a browser extension installed which messes with the HTML before React loaded.

https://react.dev/link/hydration-mismatch

  ...
    <InnerScrollAndFocusHandlerOld focusAndScrollRef={{scrollRef:null, ...}} cacheNode={{rsc:{...}, ...}}>
      <ErrorBoundary errorComponent={undefined} errorStyles={undefined} errorScripts={undefined}>
        <LoadingBoundary name="love/" loading={null}>
          <HTTPAccessFallbackBoundary notFound={undefined} forbidden={undefined} unauthorized={undefined}>
            <RedirectBoundary>
              <RedirectErrorBoundary router={{...}}>
                <InnerLayoutRouter url="/love" tree={[...]} params={{}} cacheNode={{rsc:{...}, ...}} segmentPath={[...]} ...>
                  <SegmentViewNode type="page" pagePath="love/page.tsx">
                    <SegmentTrieNode>
                    <ClientPageRoot Component={function LovePage} serverProvidedParams={{...}}>
                      <LovePage params={Promise} searchParams={Promise}>
                        <div style={{position:"..."}}>
                          <LoveScrollInit>
                          <audio>
                          <LoveEnvelope>
                          <main>
                            <LoveHero project={{id:"demo", ...}}>
                              <section
                                className="parallax-container parallax-1"
                                style={{
+                                 backgroundImage: "url(/images/esmeralda/foto.jpg)"
+                                 backgroundSize: "cover"
+                                 backgroundPosition: "center top"
                                }}
                              >
                                <div className="hero-conta...">
                                  <div>
                                  <div className="date fecha...">
                                    <h3>
+                                     22.NOV.2026
-                                     22.11.2026
                                  ...
                            ...
                  ...
                ...
      ...

    at throwOnHydrationMismatch (http://localhost:3000/_next/static/chunks/node_modules_next_dist_compiled_react-dom_058-ah~._.js:3318:56)
    at prepareToHydrateHostInstance (http://localhost:3000/_next/static/chunks/node_modules_next_dist_compiled_react-dom_058-ah~._.js:3372:23)
    at completeWork (http://localhost:3000/_next/static/chunks/node_modules_next_dist_compiled_react-dom_058-ah~._.js:6922:60)
    at runWithFiberInDEV (http://localhost:3000/_next/static/chunks/node_modules_next_dist_compiled_react-dom_058-ah~._.js:965:74)
    at completeUnitOfWork (http://localhost:3000/_next/static/chunks/node_modules_next_dist_compiled_react-dom_058-ah~._.js:9622:23)
    at performUnitOfWork (http://localhost:3000/_next/static/chunks/node_modules_next_dist_compiled_react-dom_058-ah~._.js:9557:28)
    at workLoopConcurrentByScheduler (http://localhost:3000/_next/static/chunks/node_modules_next_dist_compiled_react-dom_058-ah~._.js:9551:58)
    at renderRootConcurrent (http://localhost:3000/_next/static/chunks/node_modules_next_dist_compiled_react-dom_058-ah~._.js:9534:71)
    at performWorkOnRoot (http://localhost:3000/_next/static/chunks/node_modules_next_dist_compiled_react-dom_058-ah~._.js:9061:150)
    at performWorkOnRootViaSchedulerTask (http://localhost:3000/_next/static/chunks/node_modules_next_dist_compiled_react-dom_058-ah~._.js:10255:9)
    at MessagePort.performWorkUntilDeadline (http://localhost:3000/_next/static/chunks/node_modules_next_dist_compiled_0rpq4pf._.js:2647:64)
[   75306ms] [LOG] [Fast Refresh] rebuilding @ http://localhost:3000/_next/static/chunks/node_modules_next_dist_115brz8._.js:2431
[   75514ms] [LOG] [Fast Refresh] done in 246ms @ http://localhost:3000/_next/static/chunks/node_modules_next_dist_115brz8._.js:2431
[   85856ms] [LOG] [Fast Refresh] rebuilding @ http://localhost:3000/_next/static/chunks/node_modules_next_dist_115brz8._.js:2431
[   85912ms] [LOG] [Fast Refresh] done in 129ms @ http://localhost:3000/_next/static/chunks/node_modules_next_dist_115brz8._.js:2431
[   86665ms] [LOG] [Fast Refresh] rebuilding @ http://localhost:3000/_next/static/chunks/node_modules_next_dist_115brz8._.js:2431
[   86742ms] [LOG] [Fast Refresh] done in 148ms @ http://localhost:3000/_next/static/chunks/node_modules_next_dist_115brz8._.js:2431
